{
  "bsonType": "object",
  "properties": {
    "bar": {
      "bsonType": "int"
    }
  }
}
