{
  "bsonType": "object",
  "properties": {
    "bar": {
      "anyOf": [
        {"bsonType": "int"},
        {"bsonType": "string"},
        {
          "bsonType": "double"
        }
      ]
    }
  }
}
