{
  "bsonType": "object",
  "properties": {
    "bar": {
      "bsonType": "array",
      "items": {
        "bsonType": "int"
      },
      "additionalProperties": true
    }
  }
}
