{
  "bsonType": "object",
  "anyOf": [
    {
      "bsonType": "symbol"
    },
    {
      "bsonType": "decimal"
    },
    {
      "bsonType": "regex"
    },
    {
      "bsonType": "objectId"
    },
    {
      "bsonType": "date"
    },
    {
      "bsonType": "double"
    }
  ],
  "properties": {
    "bar": {
      "anyOf": [
        {"bsonType": "null"},
        {
          "bsonType": "bool",
          "additionalProperties": false
        },
        {"bsonType": "int"},
        {
          "bsonType": "bool",
          "additionalProperties": true
        },
        {
          "bsonType": "string"
        }
      ]
    }
  }
}
