{"bsonType": "object",
  "properties": {
    "bar": {
      "bsonType": "object",
      "properties": {
        "a": {
          "bsonType": "object",
          "additionalProperties": true
        },
        "b": {
          "bsonType": "boolean",
          "additionalProperties": false
        },
        "c": {
          "bsonType": "string",
          "additionalProperties": true
        },
        "d": {
          "bsonType": "date"
        }
      }
    }
  }
}
