{"bsonType": "object",
  "properties": {
    "bar": {
      "bsonType": "object",
      "properties": {
        "a": {},
        "b": {"anyOf": []},
        "c": {"bsonType":  "string"},
        "e": {"bsonType":  "int"},
        "f": {"bsonType":  "double"},
        "g": {"bsonType":  "long"},
        "h": {"bsonType":  "decimal"},
        "i": {"bsonType":  "binData"},
        "j": {"bsonType":  "objectId"},
        "k": {"bsonType":  "bool"},
        "l": {"bsonType":  "date"},
        "m": {"bsonType":  "null"},
        "n": {"bsonType":  "regex"},
        "o": {"bsonType":  "dbPointer"},
        "p": {"bsonType":  "javascript"},
        "q": {"bsonType":  "symbol"},
        "r": {"bsonType":  "javascriptWithScope"},
        "s": {"bsonType":  "timestamp"},
        "t": {"bsonType":  "minKey"},
        "u": {"bsonType":  "maxKey"},
        "v": {
          "bsonType": "array",
          "items": {
            "anyOf": [
              {"bsonType":  "string"},
              {"bsonType":  "null"}
            ]
          }
        },
        "w": {
          "anyOf": [
            {"bsonType": "null"},
            {
              "bsonType": "object",
              "properties":  {},
              "required": [],
              "additionalProperties": true
            }
          ]
        },
        "x": {
            "bsonType": "string"
        },
        "y": {
          "anyOf": [
            {"bsonType": "string"},
            {"bsonType": "int"}
          ]
        }
      },
      "required": ["a", "b", "c"],
      "additionalProperties": false
    }
  },
  "required": [],
  "additionalProperties": false
}
